Archive member included to satisfy reference by file (symbol)

c:/program files/microchip/xc8/v2.41/avr/bin/../lib/gcc/avr/5.4.0/../../../../avr/lib/avr5/memx-const\libm.a(divsf3.o)
                              build/default/production/Keypad.o (__divsf3)
c:/program files/microchip/xc8/v2.41/avr/bin/../lib/gcc/avr/5.4.0/../../../../avr/lib/avr5/memx-const\libm.a(divsf3x.o)
                              c:/program files/microchip/xc8/v2.41/avr/bin/../lib/gcc/avr/5.4.0/../../../../avr/lib/avr5/memx-const\libm.a(divsf3.o) (__divsf3x)
c:/program files/microchip/xc8/v2.41/avr/bin/../lib/gcc/avr/5.4.0/../../../../avr/lib/avr5/memx-const\libm.a(fixsfsi.o)
                              build/default/production/Keypad.o (__fixsfsi)
c:/program files/microchip/xc8/v2.41/avr/bin/../lib/gcc/avr/5.4.0/../../../../avr/lib/avr5/memx-const\libm.a(fixunssfsi.o)
                              build/default/production/mTimer.o (__fixunssfsi)
c:/program files/microchip/xc8/v2.41/avr/bin/../lib/gcc/avr/5.4.0/../../../../avr/lib/avr5/memx-const\libm.a(floatsisf.o)
                              build/default/production/Keypad.o (__floatsisf)
c:/program files/microchip/xc8/v2.41/avr/bin/../lib/gcc/avr/5.4.0/../../../../avr/lib/avr5/memx-const\libm.a(fp_inf.o)
                              c:/program files/microchip/xc8/v2.41/avr/bin/../lib/gcc/avr/5.4.0/../../../../avr/lib/avr5/memx-const\libm.a(divsf3x.o) (__fp_inf)
c:/program files/microchip/xc8/v2.41/avr/bin/../lib/gcc/avr/5.4.0/../../../../avr/lib/avr5/memx-const\libm.a(fp_nan.o)
                              c:/program files/microchip/xc8/v2.41/avr/bin/../lib/gcc/avr/5.4.0/../../../../avr/lib/avr5/memx-const\libm.a(divsf3x.o) (__fp_nan)
c:/program files/microchip/xc8/v2.41/avr/bin/../lib/gcc/avr/5.4.0/../../../../avr/lib/avr5/memx-const\libm.a(fp_pscA.o)
                              c:/program files/microchip/xc8/v2.41/avr/bin/../lib/gcc/avr/5.4.0/../../../../avr/lib/avr5/memx-const\libm.a(divsf3x.o) (__fp_pscA)
c:/program files/microchip/xc8/v2.41/avr/bin/../lib/gcc/avr/5.4.0/../../../../avr/lib/avr5/memx-const\libm.a(fp_pscB.o)
                              c:/program files/microchip/xc8/v2.41/avr/bin/../lib/gcc/avr/5.4.0/../../../../avr/lib/avr5/memx-const\libm.a(divsf3x.o) (__fp_pscB)
c:/program files/microchip/xc8/v2.41/avr/bin/../lib/gcc/avr/5.4.0/../../../../avr/lib/avr5/memx-const\libm.a(fp_round.o)
                              c:/program files/microchip/xc8/v2.41/avr/bin/../lib/gcc/avr/5.4.0/../../../../avr/lib/avr5/memx-const\libm.a(divsf3.o) (__fp_round)
c:/program files/microchip/xc8/v2.41/avr/bin/../lib/gcc/avr/5.4.0/../../../../avr/lib/avr5/memx-const\libm.a(fp_split3.o)
                              c:/program files/microchip/xc8/v2.41/avr/bin/../lib/gcc/avr/5.4.0/../../../../avr/lib/avr5/memx-const\libm.a(divsf3x.o) (__fp_split3)
c:/program files/microchip/xc8/v2.41/avr/bin/../lib/gcc/avr/5.4.0/../../../../avr/lib/avr5/memx-const\libm.a(fp_zero.o)
                              c:/program files/microchip/xc8/v2.41/avr/bin/../lib/gcc/avr/5.4.0/../../../../avr/lib/avr5/memx-const\libm.a(fixunssfsi.o) (__fp_zero)
c:/program files/microchip/xc8/v2.41/avr/bin/../lib/gcc/avr/5.4.0/../../../../avr/lib/avr5/memx-const\libm.a(mulsf3.o)
                              build/default/production/mTimer.o (__mulsf3)
c:/program files/microchip/xc8/v2.41/avr/bin/../lib/gcc/avr/5.4.0/../../../../avr/lib/avr5/memx-const\libm.a(mulsf3x.o)
                              c:/program files/microchip/xc8/v2.41/avr/bin/../lib/gcc/avr/5.4.0/../../../../avr/lib/avr5/memx-const\libm.a(mulsf3.o) (__mulsf3x)
c:/program files/microchip/xc8/v2.41/avr/bin/../lib/gcc/avr/5.4.0/avr5/memx-const\libgcc.a(_copy_data.o)
                              build/default/production/Keypad.o (__do_copy_data)
c:/program files/microchip/xc8/v2.41/avr/bin/../lib/gcc/avr/5.4.0/avr5/memx-const\libgcc.a(_movmemx.o)
                              build/default/production/main.o (__movmemx_qi)
c:/program files/microchip/xc8/v2.41/avr/bin/../lib/gcc/avr/5.4.0/../../../../avr/lib/avr5/memx-const\libc.a(exit.o)
                              C:/Program Files/Microchip/MPLABX/v6.05/packs/Microchip/ATmega_DFP/3.0.158/xc8/avr/lib/avr5/memx-const/crtatmega32a.o (exit)
c:/program files/microchip/xc8/v2.41/avr/bin/../lib/gcc/avr/5.4.0/../../../../avr/lib/avr5/memx-const\libc.a(atoi.o)
                              build/default/production/Keypad.o (atoi)
c:/program files/microchip/xc8/v2.41/avr/bin/../lib/gcc/avr/5.4.0/../../../../avr/lib/avr5/memx-const\libc.a(_Exit.o)
                              c:/program files/microchip/xc8/v2.41/avr/bin/../lib/gcc/avr/5.4.0/../../../../avr/lib/avr5/memx-const\libc.a(exit.o) (_Exit)
c:/program files/microchip/xc8/v2.41/avr/bin/../lib/gcc/avr/5.4.0/avr5/memx-const\libgcc.a(_exit.o)
                              c:/program files/microchip/xc8/v2.41/avr/bin/../lib/gcc/avr/5.4.0/../../../../avr/lib/avr5/memx-const\libc.a(_Exit.o) (_exit)

Allocating common symbols
Common symbol       size              file

new_user_pass       0x2               build/default/production/UART.o
kk                  0x2               build/default/production/UART.o

Discarded input sections

 .data          0x0000000000000000        0x0 C:/Program Files/Microchip/MPLABX/v6.05/packs/Microchip/ATmega_DFP/3.0.158/xc8/avr/lib/avr5/memx-const/crtatmega32a.o
 .bss           0x0000000000000000        0x0 C:/Program Files/Microchip/MPLABX/v6.05/packs/Microchip/ATmega_DFP/3.0.158/xc8/avr/lib/avr5/memx-const/crtatmega32a.o
 .text          0x0000000000000000        0x0 build/default/production/main.o
 .data          0x0000000000000000        0x0 build/default/production/main.o
 .bss           0x0000000000000000        0x0 build/default/production/main.o
 .text          0x0000000000000000        0x0 build/default/production/DIO.o
 .data          0x0000000000000000        0x0 build/default/production/DIO.o
 .bss           0x0000000000000000        0x0 build/default/production/DIO.o
 .text.setportIN
                0x0000000000000000       0x20 build/default/production/DIO.o
 .text.setport  0x0000000000000000       0x28 build/default/production/DIO.o
 .text.resetport
                0x0000000000000000       0x20 build/default/production/DIO.o
 .text.setDataPort
                0x0000000000000000       0x20 build/default/production/DIO.o
 .text          0x0000000000000000        0x0 build/default/production/Keypad.o
 .data          0x0000000000000000        0x0 build/default/production/Keypad.o
 .bss           0x0000000000000000        0x0 build/default/production/Keypad.o
 .data.result_word
                0x0000000000000000        0x7 build/default/production/Keypad.o
 .data.led_off_choice
                0x0000000000000000        0xb build/default/production/Keypad.o
 .data.led_on_choice
                0x0000000000000000        0xa build/default/production/Keypad.o
 .data.read_temp
                0x0000000000000000       0x10 build/default/production/Keypad.o
 .data.percent_sign
                0x0000000000000000        0x2 build/default/production/Keypad.o
 .data.read_led_intense
                0x0000000000000000       0x12 build/default/production/Keypad.o
 .data.servo_already_closed
                0x0000000000000000       0x18 build/default/production/Keypad.o
 .data.servo_already_open
                0x0000000000000000       0x16 build/default/production/Keypad.o
 .data.motor_not_running
                0x0000000000000000       0x15 build/default/production/Keypad.o
 .data.motor_running
                0x0000000000000000       0x14 build/default/production/Keypad.o
 .data.led5_already_off
                0x0000000000000000       0x14 build/default/production/Keypad.o
 .data.led4_already_off
                0x0000000000000000       0x14 build/default/production/Keypad.o
 .data.led3_already_off
                0x0000000000000000       0x14 build/default/production/Keypad.o
 .data.led2_already_off
                0x0000000000000000       0x14 build/default/production/Keypad.o
 .data.led1_already_off
                0x0000000000000000       0x14 build/default/production/Keypad.o
 .data.led5_already_on
                0x0000000000000000       0x13 build/default/production/Keypad.o
 .data.led4_already_on
                0x0000000000000000       0x13 build/default/production/Keypad.o
 .data.led3_already_on
                0x0000000000000000       0x13 build/default/production/Keypad.o
 .data.led2_already_on
                0x0000000000000000       0x13 build/default/production/Keypad.o
 .data.led1_already_on
                0x0000000000000000       0x13 build/default/production/Keypad.o
 .text          0x0000000000000000        0x0 build/default/production/mTimer.o
 .data          0x0000000000000000        0x0 build/default/production/mTimer.o
 .bss           0x0000000000000000        0x0 build/default/production/mTimer.o
 .text.Timer0_enable_OCIE
                0x0000000000000000        0x8 build/default/production/mTimer.o
 .text.PWM_init
                0x0000000000000000        0x8 build/default/production/mTimer.o
 .text          0x0000000000000000        0x0 build/default/production/mlcd.o
 .data          0x0000000000000000        0x0 build/default/production/mlcd.o
 .bss           0x0000000000000000        0x0 build/default/production/mlcd.o
 .text          0x0000000000000000        0x0 build/default/production/mADC.o
 .data          0x0000000000000000        0x0 build/default/production/mADC.o
 .bss           0x0000000000000000        0x0 build/default/production/mADC.o
 .text          0x0000000000000000        0x0 build/default/production/DC_Motor.o
 .data          0x0000000000000000        0x0 build/default/production/DC_Motor.o
 .bss           0x0000000000000000        0x0 build/default/production/DC_Motor.o
 .text.Motor_Reverse
                0x0000000000000000       0x12 build/default/production/DC_Motor.o
 .text          0x0000000000000000        0x0 build/default/production/servo.o
 .data          0x0000000000000000        0x0 build/default/production/servo.o
 .bss           0x0000000000000000        0x0 build/default/production/servo.o
 .text          0x0000000000000000        0x0 build/default/production/I2C.o
 .data          0x0000000000000000        0x0 build/default/production/I2C.o
 .bss           0x0000000000000000        0x0 build/default/production/I2C.o
 .text.TWI_ACK  0x0000000000000000        0x6 build/default/production/I2C.o
 .text.TWI_STA  0x0000000000000000        0x6 build/default/production/I2C.o
 .text.TWI_STO  0x0000000000000000        0x6 build/default/production/I2C.o
 .text.init_TWI_slave
                0x0000000000000000        0x8 build/default/production/I2C.o
 .text.TWI_slave_check_address
                0x0000000000000000       0x3a build/default/production/I2C.o
 .text.TWI_slave_read
                0x0000000000000000       0x26 build/default/production/I2C.o
 .text.TWI_slave_write
                0x0000000000000000       0x28 build/default/production/I2C.o
 .text.EEPROM_write_byte
                0x0000000000000000       0x1e build/default/production/I2C.o
 .text.EEPROM_write_page
                0x0000000000000000        0x2 build/default/production/I2C.o
 .text.EEPROM_retrieve_byte
                0x0000000000000000        0xa build/default/production/I2C.o
 .text.EEPROM_Check_empty
                0x0000000000000000        0x2 build/default/production/I2C.o
 .text          0x0000000000000000        0x0 build/default/production/Lamps.o
 .data          0x0000000000000000        0x0 build/default/production/Lamps.o
 .bss           0x0000000000000000        0x0 build/default/production/Lamps.o
 .data.all_on   0x0000000000000000       0x10 build/default/production/Lamps.o
 .text          0x0000000000000000        0x0 build/default/production/UART.o
 .data          0x0000000000000000        0x0 build/default/production/UART.o
 .bss           0x0000000000000000        0x0 build/default/production/UART.o
 .text.newuserpass
                0x0000000000000000        0xa build/default/production/UART.o
 .data          0x0000000000000000        0x0 c:/program files/microchip/xc8/v2.41/avr/bin/../lib/gcc/avr/5.4.0/../../../../avr/lib/avr5/memx-const\libm.a(divsf3.o)
 .bss           0x0000000000000000        0x0 c:/program files/microchip/xc8/v2.41/avr/bin/../lib/gcc/avr/5.4.0/../../../../avr/lib/avr5/memx-const\libm.a(divsf3.o)
 .stack.descriptors
                0x0000000000000000       0x16 c:/program files/microchip/xc8/v2.41/avr/bin/../lib/gcc/avr/5.4.0/../../../../avr/lib/avr5/memx-const\libm.a(divsf3.o)
 .data          0x0000000000000000        0x0 c:/program files/microchip/xc8/v2.41/avr/bin/../lib/gcc/avr/5.4.0/../../../../avr/lib/avr5/memx-const\libm.a(divsf3x.o)
 .bss           0x0000000000000000        0x0 c:/program files/microchip/xc8/v2.41/avr/bin/../lib/gcc/avr/5.4.0/../../../../avr/lib/avr5/memx-const\libm.a(divsf3x.o)
 .stack.descriptors
                0x0000000000000000       0x31 c:/program files/microchip/xc8/v2.41/avr/bin/../lib/gcc/avr/5.4.0/../../../../avr/lib/avr5/memx-const\libm.a(divsf3x.o)
 .data          0x0000000000000000        0x0 c:/program files/microchip/xc8/v2.41/avr/bin/../lib/gcc/avr/5.4.0/../../../../avr/lib/avr5/memx-const\libm.a(fixsfsi.o)
 .bss           0x0000000000000000        0x0 c:/program files/microchip/xc8/v2.41/avr/bin/../lib/gcc/avr/5.4.0/../../../../avr/lib/avr5/memx-const\libm.a(fixsfsi.o)
 .stack.descriptors
                0x0000000000000000       0x17 c:/program files/microchip/xc8/v2.41/avr/bin/../lib/gcc/avr/5.4.0/../../../../avr/lib/avr5/memx-const\libm.a(fixsfsi.o)
 .data          0x0000000000000000        0x0 c:/program files/microchip/xc8/v2.41/avr/bin/../lib/gcc/avr/5.4.0/../../../../avr/lib/avr5/memx-const\libm.a(fixunssfsi.o)
 .bss           0x0000000000000000        0x0 c:/program files/microchip/xc8/v2.41/avr/bin/../lib/gcc/avr/5.4.0/../../../../avr/lib/avr5/memx-const\libm.a(fixunssfsi.o)
 .stack.descriptors
                0x0000000000000000       0x1a c:/program files/microchip/xc8/v2.41/avr/bin/../lib/gcc/avr/5.4.0/../../../../avr/lib/avr5/memx-const\libm.a(fixunssfsi.o)
 .data          0x0000000000000000        0x0 c:/program files/microchip/xc8/v2.41/avr/bin/../lib/gcc/avr/5.4.0/../../../../avr/lib/avr5/memx-const\libm.a(floatsisf.o)
 .bss           0x0000000000000000        0x0 c:/program files/microchip/xc8/v2.41/avr/bin/../lib/gcc/avr/5.4.0/../../../../avr/lib/avr5/memx-const\libm.a(floatsisf.o)
 .stack.descriptors
                0x0000000000000000       0x34 c:/program files/microchip/xc8/v2.41/avr/bin/../lib/gcc/avr/5.4.0/../../../../avr/lib/avr5/memx-const\libm.a(floatsisf.o)
 .data          0x0000000000000000        0x0 c:/program files/microchip/xc8/v2.41/avr/bin/../lib/gcc/avr/5.4.0/../../../../avr/lib/avr5/memx-const\libm.a(fp_inf.o)
 .bss           0x0000000000000000        0x0 c:/program files/microchip/xc8/v2.41/avr/bin/../lib/gcc/avr/5.4.0/../../../../avr/lib/avr5/memx-const\libm.a(fp_inf.o)
 .stack.descriptors
                0x0000000000000000       0x16 c:/program files/microchip/xc8/v2.41/avr/bin/../lib/gcc/avr/5.4.0/../../../../avr/lib/avr5/memx-const\libm.a(fp_inf.o)
 .data          0x0000000000000000        0x0 c:/program files/microchip/xc8/v2.41/avr/bin/../lib/gcc/avr/5.4.0/../../../../avr/lib/avr5/memx-const\libm.a(fp_nan.o)
 .bss           0x0000000000000000        0x0 c:/program files/microchip/xc8/v2.41/avr/bin/../lib/gcc/avr/5.4.0/../../../../avr/lib/avr5/memx-const\libm.a(fp_nan.o)
 .stack.descriptors
                0x0000000000000000       0x16 c:/program files/microchip/xc8/v2.41/avr/bin/../lib/gcc/avr/5.4.0/../../../../avr/lib/avr5/memx-const\libm.a(fp_nan.o)
 .data          0x0000000000000000        0x0 c:/program files/microchip/xc8/v2.41/avr/bin/../lib/gcc/avr/5.4.0/../../../../avr/lib/avr5/memx-const\libm.a(fp_pscA.o)
 .bss           0x0000000000000000        0x0 c:/program files/microchip/xc8/v2.41/avr/bin/../lib/gcc/avr/5.4.0/../../../../avr/lib/avr5/memx-const\libm.a(fp_pscA.o)
 .stack.descriptors
                0x0000000000000000       0x17 c:/program files/microchip/xc8/v2.41/avr/bin/../lib/gcc/avr/5.4.0/../../../../avr/lib/avr5/memx-const\libm.a(fp_pscA.o)
 .data          0x0000000000000000        0x0 c:/program files/microchip/xc8/v2.41/avr/bin/../lib/gcc/avr/5.4.0/../../../../avr/lib/avr5/memx-const\libm.a(fp_pscB.o)
 .bss           0x0000000000000000        0x0 c:/program files/microchip/xc8/v2.41/avr/bin/../lib/gcc/avr/5.4.0/../../../../avr/lib/avr5/memx-const\libm.a(fp_pscB.o)
 .stack.descriptors
                0x0000000000000000       0x17 c:/program files/microchip/xc8/v2.41/avr/bin/../lib/gcc/avr/5.4.0/../../../../avr/lib/avr5/memx-const\libm.a(fp_pscB.o)
 .data          0x0000000000000000        0x0 c:/program files/microchip/xc8/v2.41/avr/bin/../lib/gcc/avr/5.4.0/../../../../avr/lib/avr5/memx-const\libm.a(fp_round.o)
 .bss           0x0000000000000000        0x0 c:/program files/microchip/xc8/v2.41/avr/bin/../lib/gcc/avr/5.4.0/../../../../avr/lib/avr5/memx-const\libm.a(fp_round.o)
 .stack.descriptors
                0x0000000000000000       0x18 c:/program files/microchip/xc8/v2.41/avr/bin/../lib/gcc/avr/5.4.0/../../../../avr/lib/avr5/memx-const\libm.a(fp_round.o)
 .data          0x0000000000000000        0x0 c:/program files/microchip/xc8/v2.41/avr/bin/../lib/gcc/avr/5.4.0/../../../../avr/lib/avr5/memx-const\libm.a(fp_split3.o)
 .bss           0x0000000000000000        0x0 c:/program files/microchip/xc8/v2.41/avr/bin/../lib/gcc/avr/5.4.0/../../../../avr/lib/avr5/memx-const\libm.a(fp_split3.o)
 .stack.descriptors
                0x0000000000000000       0x32 c:/program files/microchip/xc8/v2.41/avr/bin/../lib/gcc/avr/5.4.0/../../../../avr/lib/avr5/memx-const\libm.a(fp_split3.o)
 .data          0x0000000000000000        0x0 c:/program files/microchip/xc8/v2.41/avr/bin/../lib/gcc/avr/5.4.0/../../../../avr/lib/avr5/memx-const\libm.a(fp_zero.o)
 .bss           0x0000000000000000        0x0 c:/program files/microchip/xc8/v2.41/avr/bin/../lib/gcc/avr/5.4.0/../../../../avr/lib/avr5/memx-const\libm.a(fp_zero.o)
 .stack.descriptors
                0x0000000000000000       0x2f c:/program files/microchip/xc8/v2.41/avr/bin/../lib/gcc/avr/5.4.0/../../../../avr/lib/avr5/memx-const\libm.a(fp_zero.o)
 .data          0x0000000000000000        0x0 c:/program files/microchip/xc8/v2.41/avr/bin/../lib/gcc/avr/5.4.0/../../../../avr/lib/avr5/memx-const\libm.a(mulsf3.o)
 .bss           0x0000000000000000        0x0 c:/program files/microchip/xc8/v2.41/avr/bin/../lib/gcc/avr/5.4.0/../../../../avr/lib/avr5/memx-const\libm.a(mulsf3.o)
 .stack.descriptors
                0x0000000000000000       0x16 c:/program files/microchip/xc8/v2.41/avr/bin/../lib/gcc/avr/5.4.0/../../../../avr/lib/avr5/memx-const\libm.a(mulsf3.o)
 .data          0x0000000000000000        0x0 c:/program files/microchip/xc8/v2.41/avr/bin/../lib/gcc/avr/5.4.0/../../../../avr/lib/avr5/memx-const\libm.a(mulsf3x.o)
 .bss           0x0000000000000000        0x0 c:/program files/microchip/xc8/v2.41/avr/bin/../lib/gcc/avr/5.4.0/../../../../avr/lib/avr5/memx-const\libm.a(mulsf3x.o)
 .stack.descriptors
                0x0000000000000000       0x31 c:/program files/microchip/xc8/v2.41/avr/bin/../lib/gcc/avr/5.4.0/../../../../avr/lib/avr5/memx-const\libm.a(mulsf3x.o)
 .text          0x0000000000000000        0x0 c:/program files/microchip/xc8/v2.41/avr/bin/../lib/gcc/avr/5.4.0/avr5/memx-const\libgcc.a(_copy_data.o)
 .data          0x0000000000000000        0x0 c:/program files/microchip/xc8/v2.41/avr/bin/../lib/gcc/avr/5.4.0/avr5/memx-const\libgcc.a(_copy_data.o)
 .bss           0x0000000000000000        0x0 c:/program files/microchip/xc8/v2.41/avr/bin/../lib/gcc/avr/5.4.0/avr5/memx-const\libgcc.a(_copy_data.o)
 .text.libgcc.mul
                0x0000000000000000        0x0 c:/program files/microchip/xc8/v2.41/avr/bin/../lib/gcc/avr/5.4.0/avr5/memx-const\libgcc.a(_copy_data.o)
 .text.libgcc.div
                0x0000000000000000        0x0 c:/program files/microchip/xc8/v2.41/avr/bin/../lib/gcc/avr/5.4.0/avr5/memx-const\libgcc.a(_copy_data.o)
 .text.libgcc   0x0000000000000000        0x0 c:/program files/microchip/xc8/v2.41/avr/bin/../lib/gcc/avr/5.4.0/avr5/memx-const\libgcc.a(_copy_data.o)
 .text.libgcc.prologue
                0x0000000000000000        0x0 c:/program files/microchip/xc8/v2.41/avr/bin/../lib/gcc/avr/5.4.0/avr5/memx-const\libgcc.a(_copy_data.o)
 .text.libgcc.builtins
                0x0000000000000000        0x0 c:/program files/microchip/xc8/v2.41/avr/bin/../lib/gcc/avr/5.4.0/avr5/memx-const\libgcc.a(_copy_data.o)
 .text.libgcc.fmul
                0x0000000000000000        0x0 c:/program files/microchip/xc8/v2.41/avr/bin/../lib/gcc/avr/5.4.0/avr5/memx-const\libgcc.a(_copy_data.o)
 .text.libgcc.fixed
                0x0000000000000000        0x0 c:/program files/microchip/xc8/v2.41/avr/bin/../lib/gcc/avr/5.4.0/avr5/memx-const\libgcc.a(_copy_data.o)
 .text          0x0000000000000000        0x0 c:/program files/microchip/xc8/v2.41/avr/bin/../lib/gcc/avr/5.4.0/avr5/memx-const\libgcc.a(_movmemx.o)
 .data          0x0000000000000000        0x0 c:/program files/microchip/xc8/v2.41/avr/bin/../lib/gcc/avr/5.4.0/avr5/memx-const\libgcc.a(_movmemx.o)
 .bss           0x0000000000000000        0x0 c:/program files/microchip/xc8/v2.41/avr/bin/../lib/gcc/avr/5.4.0/avr5/memx-const\libgcc.a(_movmemx.o)
 .text.libgcc.mul
                0x0000000000000000        0x0 c:/program files/microchip/xc8/v2.41/avr/bin/../lib/gcc/avr/5.4.0/avr5/memx-const\libgcc.a(_movmemx.o)
 .text.libgcc.div
                0x0000000000000000        0x0 c:/program files/microchip/xc8/v2.41/avr/bin/../lib/gcc/avr/5.4.0/avr5/memx-const\libgcc.a(_movmemx.o)
 .text.libgcc.prologue
                0x0000000000000000        0x0 c:/program files/microchip/xc8/v2.41/avr/bin/../lib/gcc/avr/5.4.0/avr5/memx-const\libgcc.a(_movmemx.o)
 .stack.descriptors
                0x0000000000000000       0x34 c:/program files/microchip/xc8/v2.41/avr/bin/../lib/gcc/avr/5.4.0/avr5/memx-const\libgcc.a(_movmemx.o)
 .text.libgcc.builtins
                0x0000000000000000        0x0 c:/program files/microchip/xc8/v2.41/avr/bin/../lib/gcc/avr/5.4.0/avr5/memx-const\libgcc.a(_movmemx.o)
 .text.libgcc.fmul
                0x0000000000000000        0x0 c:/program files/microchip/xc8/v2.41/avr/bin/../lib/gcc/avr/5.4.0/avr5/memx-const\libgcc.a(_movmemx.o)
 .text.libgcc.fixed
                0x0000000000000000        0x0 c:/program files/microchip/xc8/v2.41/avr/bin/../lib/gcc/avr/5.4.0/avr5/memx-const\libgcc.a(_movmemx.o)
 .text          0x0000000000000000        0x0 c:/program files/microchip/xc8/v2.41/avr/bin/../lib/gcc/avr/5.4.0/../../../../avr/lib/avr5/memx-const\libc.a(exit.o)
 .data          0x0000000000000000        0x0 c:/program files/microchip/xc8/v2.41/avr/bin/../lib/gcc/avr/5.4.0/../../../../avr/lib/avr5/memx-const\libc.a(exit.o)
 .bss           0x0000000000000000        0x0 c:/program files/microchip/xc8/v2.41/avr/bin/../lib/gcc/avr/5.4.0/../../../../avr/lib/avr5/memx-const\libc.a(exit.o)
 .stack.descriptors
                0x0000000000000000       0x73 c:/program files/microchip/xc8/v2.41/avr/bin/../lib/gcc/avr/5.4.0/../../../../avr/lib/avr5/memx-const\libc.a(exit.o)
 .text          0x0000000000000000        0x0 c:/program files/microchip/xc8/v2.41/avr/bin/../lib/gcc/avr/5.4.0/../../../../avr/lib/avr5/memx-const\libc.a(atoi.o)
 .data          0x0000000000000000        0x0 c:/program files/microchip/xc8/v2.41/avr/bin/../lib/gcc/avr/5.4.0/../../../../avr/lib/avr5/memx-const\libc.a(atoi.o)
 .bss           0x0000000000000000        0x0 c:/program files/microchip/xc8/v2.41/avr/bin/../lib/gcc/avr/5.4.0/../../../../avr/lib/avr5/memx-const\libc.a(atoi.o)
 .stack.descriptors
                0x0000000000000000       0x12 c:/program files/microchip/xc8/v2.41/avr/bin/../lib/gcc/avr/5.4.0/../../../../avr/lib/avr5/memx-const\libc.a(atoi.o)
 .text          0x0000000000000000        0x0 c:/program files/microchip/xc8/v2.41/avr/bin/../lib/gcc/avr/5.4.0/../../../../avr/lib/avr5/memx-const\libc.a(_Exit.o)
 .data          0x0000000000000000        0x0 c:/program files/microchip/xc8/v2.41/avr/bin/../lib/gcc/avr/5.4.0/../../../../avr/lib/avr5/memx-const\libc.a(_Exit.o)
 .bss           0x0000000000000000        0x0 c:/program files/microchip/xc8/v2.41/avr/bin/../lib/gcc/avr/5.4.0/../../../../avr/lib/avr5/memx-const\libc.a(_Exit.o)
 .stack.descriptors
                0x0000000000000000       0x13 c:/program files/microchip/xc8/v2.41/avr/bin/../lib/gcc/avr/5.4.0/../../../../avr/lib/avr5/memx-const\libc.a(_Exit.o)
 .text          0x0000000000000000        0x0 c:/program files/microchip/xc8/v2.41/avr/bin/../lib/gcc/avr/5.4.0/avr5/memx-const\libgcc.a(_exit.o)
 .data          0x0000000000000000        0x0 c:/program files/microchip/xc8/v2.41/avr/bin/../lib/gcc/avr/5.4.0/avr5/memx-const\libgcc.a(_exit.o)
 .bss           0x0000000000000000        0x0 c:/program files/microchip/xc8/v2.41/avr/bin/../lib/gcc/avr/5.4.0/avr5/memx-const\libgcc.a(_exit.o)
 .text.libgcc.mul
                0x0000000000000000        0x0 c:/program files/microchip/xc8/v2.41/avr/bin/../lib/gcc/avr/5.4.0/avr5/memx-const\libgcc.a(_exit.o)
 .text.libgcc.div
                0x0000000000000000        0x0 c:/program files/microchip/xc8/v2.41/avr/bin/../lib/gcc/avr/5.4.0/avr5/memx-const\libgcc.a(_exit.o)
 .text.libgcc   0x0000000000000000        0x0 c:/program files/microchip/xc8/v2.41/avr/bin/../lib/gcc/avr/5.4.0/avr5/memx-const\libgcc.a(_exit.o)
 .text.libgcc.prologue
                0x0000000000000000        0x0 c:/program files/microchip/xc8/v2.41/avr/bin/../lib/gcc/avr/5.4.0/avr5/memx-const\libgcc.a(_exit.o)
 .stack.descriptors
                0x0000000000000000       0x13 c:/program files/microchip/xc8/v2.41/avr/bin/../lib/gcc/avr/5.4.0/avr5/memx-const\libgcc.a(_exit.o)
 .text.libgcc.builtins
                0x0000000000000000        0x0 c:/program files/microchip/xc8/v2.41/avr/bin/../lib/gcc/avr/5.4.0/avr5/memx-const\libgcc.a(_exit.o)
 .text.libgcc.fmul
                0x0000000000000000        0x0 c:/program files/microchip/xc8/v2.41/avr/bin/../lib/gcc/avr/5.4.0/avr5/memx-const\libgcc.a(_exit.o)
 .text.libgcc.fixed
                0x0000000000000000        0x0 c:/program files/microchip/xc8/v2.41/avr/bin/../lib/gcc/avr/5.4.0/avr5/memx-const\libgcc.a(_exit.o)

Memory Configuration

Name             Origin             Length             Attributes
text             0x0000000000000000 0x0000000000008000 xr
data             0x0000000000800060 0x0000000000000800 rw !x
eeprom           0x0000000000810000 0x0000000000000400 rw !x
fuse             0x0000000000820000 0x0000000000000002 rw !x
lock             0x0000000000830000 0x0000000000000400 rw !x
signature        0x0000000000840000 0x0000000000000400 rw !x
user_signatures  0x0000000000850000 0x0000000000000400 rw !x
bootrow          0x0000000000860000 0x0000000000000400 rw !x
*default*        0x0000000000000000 0xffffffffffffffff

Linker script and memory map

LOAD C:/Program Files/Microchip/MPLABX/v6.05/packs/Microchip/ATmega_DFP/3.0.158/xc8/avr/lib/avr5/memx-const/crtatmega32a.o
                0x0000000000000001                __MPLAB_BUILD = 0x1
LOAD build/default/production/main.o
LOAD build/default/production/DIO.o
LOAD build/default/production/Keypad.o
LOAD build/default/production/mTimer.o
LOAD build/default/production/mlcd.o
LOAD build/default/production/mADC.o
LOAD build/default/production/DC_Motor.o
LOAD build/default/production/servo.o
LOAD build/default/production/I2C.o
LOAD build/default/production/Lamps.o
LOAD build/default/production/UART.o
START GROUP
LOAD c:/program files/microchip/xc8/v2.41/avr/bin/../lib/gcc/avr/5.4.0/../../../../avr/lib/avr5/memx-const\libm.a
END GROUP
START GROUP
LOAD c:/program files/microchip/xc8/v2.41/avr/bin/../lib/gcc/avr/5.4.0/avr5/memx-const\libgcc.a
LOAD c:/program files/microchip/xc8/v2.41/avr/bin/../lib/gcc/avr/5.4.0/../../../../avr/lib/avr5/memx-const\libm.a
LOAD c:/program files/microchip/xc8/v2.41/avr/bin/../lib/gcc/avr/5.4.0/../../../../avr/lib/avr5/memx-const\libc.a
LOAD C:/Program Files/Microchip/MPLABX/v6.05/packs/Microchip/ATmega_DFP/3.0.158/xc8/avr/lib/avr5/memx-const\libatmega32a.a
END GROUP
                [0x0000000000000000]                __TEXT_REGION_ORIGIN__ = DEFINED (__TEXT_REGION_ORIGIN__)?__TEXT_REGION_ORIGIN__:0x0
                [0x0000000000800060]                __DATA_REGION_ORIGIN__ = DEFINED (__DATA_REGION_ORIGIN__)?__DATA_REGION_ORIGIN__:0x800060
                [0x0000000000008000]                __TEXT_REGION_LENGTH__ = DEFINED (__TEXT_REGION_LENGTH__)?__TEXT_REGION_LENGTH__:0x20000
                [0x0000000000000800]                __DATA_REGION_LENGTH__ = DEFINED (__DATA_REGION_LENGTH__)?__DATA_REGION_LENGTH__:0xffa0
                [0x0000000000000400]                __EEPROM_REGION_LENGTH__ = DEFINED (__EEPROM_REGION_LENGTH__)?__EEPROM_REGION_LENGTH__:0x10000
                [0x0000000000000002]                __FUSE_REGION_LENGTH__ = DEFINED (__FUSE_REGION_LENGTH__)?__FUSE_REGION_LENGTH__:0x400
                0x0000000000000400                __LOCK_REGION_LENGTH__ = DEFINED (__LOCK_REGION_LENGTH__)?__LOCK_REGION_LENGTH__:0x400
                0x0000000000000400                __SIGNATURE_REGION_LENGTH__ = DEFINED (__SIGNATURE_REGION_LENGTH__)?__SIGNATURE_REGION_LENGTH__:0x400
                0x0000000000000400                __USER_SIGNATURE_REGION_LENGTH__ = DEFINED (__USER_SIGNATURE_REGION_LENGTH__)?__USER_SIGNATURE_REGION_LENGTH__:0x400
                0x0000000000000400                __BOOTROW_REGION_LENGTH__ = DEFINED (__BOOTROW_REGION_LENGTH__)?__BOOTROW_REGION_LENGTH__:0x400

.hash
 *(.hash)

.dynsym
 *(.dynsym)

.dynstr
 *(.dynstr)

.gnu.version
 *(.gnu.version)

.gnu.version_d
 *(.gnu.version_d)

.gnu.version_r
 *(.gnu.version_r)

.rel.init
 *(.rel.init)

.rela.init
 *(.rela.init)

.rel.text
 *(.rel.text)
 *(.rel.text.*)
 *(.rel.gnu.linkonce.t*)

.rela.text
 *(.rela.text)
 *(.rela.text.*)
 *(.rela.gnu.linkonce.t*)

.rel.fini
 *(.rel.fini)

.rela.fini
 *(.rela.fini)

.rel.rodata
 *(.rel.rodata)
 *(.rel.rodata.*)
 *(.rel.gnu.linkonce.r*)

.rela.rodata
 *(.rela.rodata)
 *(.rela.rodata.*)
 *(.rela.gnu.linkonce.r*)

.rel.data
 *(.rel.data)
 *(.rel.data.*)
 *(.rel.gnu.linkonce.d*)

.rela.data
 *(.rela.data)
 *(.rela.data.*)
 *(.rela.gnu.linkonce.d*)

.rel.ctors
 *(.rel.ctors)

.rela.ctors
 *(.rela.ctors)

.rel.dtors
 *(.rel.dtors)

.rela.dtors
 *(.rela.dtors)

.rel.got
 *(.rel.got)

.rela.got
 *(.rela.got)

.rel.bss
 *(.rel.bss)

.rela.bss
 *(.rela.bss)

.rel.plt
 *(.rel.plt)

.rela.plt
 *(.rela.plt)

.text           0x0000000000000000       0xcc
 *(.vectors)
 .vectors       0x0000000000000000       0x54 C:/Program Files/Microchip/MPLABX/v6.05/packs/Microchip/ATmega_DFP/3.0.158/xc8/avr/lib/avr5/memx-const/crtatmega32a.o
                0x0000000000000000                __vector_default
                0x0000000000000000                __vectors
 *(.vectors)
 *(.progmem.gcc*)
 *(.dinit)
 .dinit         0x0000000000000054       0x24 data_init
                0x0000000000000078                . = ALIGN (0x2)
 *fill*         0x0000000000000078        0x0 
                0x0000000000000078                __trampolines_start = .
 *(.trampolines)
 .trampolines   0x0000000000000078        0x0 linker stubs
 *(.trampolines*)
                0x0000000000000078                __trampolines_end = .
 *libprintf_flt.a:*(.progmem.data)
 *libc.a:*(.progmem.data)
                0x0000000000000078                . = ALIGN (0x2)
 *(.jumptables)
 *(.jumptables*)
 *(.lowtext)
 *(.lowtext*)
                0x0000000000000078                __ctors_start = .
 *(.ctors)
                0x0000000000000078                __ctors_end = .
                0x0000000000000078                __dtors_start = .
 *(.dtors)
                0x0000000000000078                __dtors_end = .
 SORT(*)(.ctors)
 SORT(*)(.dtors)
 *(.init0)
 .init0         0x0000000000000078        0x0 C:/Program Files/Microchip/MPLABX/v6.05/packs/Microchip/ATmega_DFP/3.0.158/xc8/avr/lib/avr5/memx-const/crtatmega32a.o
                0x0000000000000078                __init
 *(.init0)
 *(.init1)
 *(.init1)
 *(.init2)
 .init2         0x0000000000000078        0xc C:/Program Files/Microchip/MPLABX/v6.05/packs/Microchip/ATmega_DFP/3.0.158/xc8/avr/lib/avr5/memx-const/crtatmega32a.o
 *(.init2)
 *(.init3)
 *(.init3)
 *(.init4)
 .init4         0x0000000000000084       0x3c c:/program files/microchip/xc8/v2.41/avr/bin/../lib/gcc/avr/5.4.0/avr5/memx-const\libgcc.a(_copy_data.o)
                0x0000000000000084                __do_copy_data
                0x00000000000000b2                __do_clear_bss
 *(.init4)
 *(.init5)
 *(.init5)
 *(.init6)
 *(.init6)
 *(.init7)
 *(.init7)
 *(.init8)
 *(.init8)
 *(.init9)
 .init9         0x00000000000000c0        0x8 C:/Program Files/Microchip/MPLABX/v6.05/packs/Microchip/ATmega_DFP/3.0.158/xc8/avr/lib/avr5/memx-const/crtatmega32a.o
 *(.init9)
                0x00000000000000c8                . = ALIGN (0x2)
 *(.fini9)
 .fini9         0x00000000000000c8        0x0 c:/program files/microchip/xc8/v2.41/avr/bin/../lib/gcc/avr/5.4.0/avr5/memx-const\libgcc.a(_exit.o)
                0x00000000000000c8                _exit
 *(.fini9)
 *(.fini8)
 *(.fini8)
 *(.fini7)
 *(.fini7)
 *(.fini6)
 *(.fini6)
 *(.fini5)
 *(.fini5)
 *(.fini4)
 *(.fini4)
 *(.fini3)
 *(.fini3)
 *(.fini2)
 *(.fini2)
 *(.fini1)
 *(.fini1)
 *(.fini0)
 .fini0         0x00000000000000c8        0x4 c:/program files/microchip/xc8/v2.41/avr/bin/../lib/gcc/avr/5.4.0/avr5/memx-const\libgcc.a(_exit.o)
 *(.fini0)
                0x00000000000000cc                _etext = .

.data           0x0000000000800060        0x0 load address 0x00000000000000cc
                [!provide]                        PROVIDE (__data_start, .)
 *(.gnu.linkonce.d*)
 *(.gnu.linkonce.r*)
                0x0000000000800060                . = ALIGN (0x2)
                0x0000000000800060                _edata = .
                [!provide]                        PROVIDE (__data_end, .)

.bss            0x0000000000800060        0x4
                [!provide]                        PROVIDE (__bss_start, .)
 *(COMMON)
 COMMON         0x0000000000800060        0x4 build/default/production/UART.o
                0x0000000000800060                new_user_pass
                0x0000000000800062                kk
                [!provide]                        PROVIDE (__bss_end, .)
                0x00000000000000cc                __data_load_start = LOADADDR (.data)
                0x00000000000000cc                __data_load_end = (__data_load_start + SIZEOF (.data))

.noinit         0x0000000000800064        0x0
                [!provide]                        PROVIDE (__noinit_start, .)
 *(.noinit*)
                [!provide]                        PROVIDE (__noinit_end, .)
                0x0000000000800064                _end = .

.eeprom         0x0000000000810000        0x0
 *(.eeprom*)
                0x0000000000810000                __eeprom_end = .

.fuse
 *(.fuse)
 *(.lfuse)
 *(.hfuse)
 *(.efuse)

.lock
 *(.lock*)

.signature
 *(.signature*)

.user_signatures
 *(.user_signatures*)

.bootrow
 *(.bootrow*)

.stab
 *(.stab)

.stabstr
 *(.stabstr)

.stab.excl
 *(.stab.excl)

.stab.exclstr
 *(.stab.exclstr)

.stab.index
 *(.stab.index)

.stab.indexstr
 *(.stab.indexstr)

.comment        0x0000000000000000       0x5b
 *(.comment)
 .comment       0x0000000000000000       0x2f build/default/production/main.o
                                         0x30 (size before relaxing)
 .comment       0x000000000000002f       0x30 build/default/production/DIO.o
 .comment       0x000000000000002f       0x30 build/default/production/Keypad.o
 .comment       0x000000000000002f       0x30 build/default/production/mTimer.o
 .comment       0x000000000000002f       0x30 build/default/production/mlcd.o
 .comment       0x000000000000002f       0x30 build/default/production/mADC.o
 .comment       0x000000000000002f       0x30 build/default/production/DC_Motor.o
 .comment       0x000000000000002f       0x30 build/default/production/servo.o
 .comment       0x000000000000002f       0x30 build/default/production/I2C.o
 .comment       0x000000000000002f       0x30 build/default/production/Lamps.o
 .comment       0x000000000000002f       0x30 build/default/production/UART.o
 .comment       0x000000000000002f       0x2c c:/program files/microchip/xc8/v2.41/avr/bin/../lib/gcc/avr/5.4.0/../../../../avr/lib/avr5/memx-const\libc.a(exit.o)
                                         0x2d (size before relaxing)
 .comment       0x000000000000005b       0x2d c:/program files/microchip/xc8/v2.41/avr/bin/../lib/gcc/avr/5.4.0/../../../../avr/lib/avr5/memx-const\libc.a(atoi.o)
 .comment       0x000000000000005b       0x2d c:/program files/microchip/xc8/v2.41/avr/bin/../lib/gcc/avr/5.4.0/../../../../avr/lib/avr5/memx-const\libc.a(_Exit.o)

.stack.descriptors.hdr
                0x0000000000000000      0x10a
 .stack.descriptors.hdr
                0x0000000000000000        0xe c:/program files/microchip/xc8/v2.41/avr/bin/../lib/gcc/avr/5.4.0/../../../../avr/lib/avr5/memx-const\libm.a(divsf3.o)
 .stack.descriptors.hdr
                0x000000000000000e        0xe c:/program files/microchip/xc8/v2.41/avr/bin/../lib/gcc/avr/5.4.0/../../../../avr/lib/avr5/memx-const\libm.a(divsf3x.o)
 .stack.descriptors.hdr
                0x000000000000001c        0xe c:/program files/microchip/xc8/v2.41/avr/bin/../lib/gcc/avr/5.4.0/../../../../avr/lib/avr5/memx-const\libm.a(fixsfsi.o)
 .stack.descriptors.hdr
                0x000000000000002a        0xe c:/program files/microchip/xc8/v2.41/avr/bin/../lib/gcc/avr/5.4.0/../../../../avr/lib/avr5/memx-const\libm.a(fixunssfsi.o)
 .stack.descriptors.hdr
                0x0000000000000038        0xe c:/program files/microchip/xc8/v2.41/avr/bin/../lib/gcc/avr/5.4.0/../../../../avr/lib/avr5/memx-const\libm.a(floatsisf.o)
 .stack.descriptors.hdr
                0x0000000000000046        0xe c:/program files/microchip/xc8/v2.41/avr/bin/../lib/gcc/avr/5.4.0/../../../../avr/lib/avr5/memx-const\libm.a(fp_inf.o)
 .stack.descriptors.hdr
                0x0000000000000054        0xe c:/program files/microchip/xc8/v2.41/avr/bin/../lib/gcc/avr/5.4.0/../../../../avr/lib/avr5/memx-const\libm.a(fp_nan.o)
 .stack.descriptors.hdr
                0x0000000000000062        0xe c:/program files/microchip/xc8/v2.41/avr/bin/../lib/gcc/avr/5.4.0/../../../../avr/lib/avr5/memx-const\libm.a(fp_pscA.o)
 .stack.descriptors.hdr
                0x0000000000000070        0xe c:/program files/microchip/xc8/v2.41/avr/bin/../lib/gcc/avr/5.4.0/../../../../avr/lib/avr5/memx-const\libm.a(fp_pscB.o)
 .stack.descriptors.hdr
                0x000000000000007e        0xe c:/program files/microchip/xc8/v2.41/avr/bin/../lib/gcc/avr/5.4.0/../../../../avr/lib/avr5/memx-const\libm.a(fp_round.o)
 .stack.descriptors.hdr
                0x000000000000008c        0xe c:/program files/microchip/xc8/v2.41/avr/bin/../lib/gcc/avr/5.4.0/../../../../avr/lib/avr5/memx-const\libm.a(fp_split3.o)
 .stack.descriptors.hdr
                0x000000000000009a        0xe c:/program files/microchip/xc8/v2.41/avr/bin/../lib/gcc/avr/5.4.0/../../../../avr/lib/avr5/memx-const\libm.a(fp_zero.o)
 .stack.descriptors.hdr
                0x00000000000000a8        0xe c:/program files/microchip/xc8/v2.41/avr/bin/../lib/gcc/avr/5.4.0/../../../../avr/lib/avr5/memx-const\libm.a(mulsf3.o)
 .stack.descriptors.hdr
                0x00000000000000b6        0xe c:/program files/microchip/xc8/v2.41/avr/bin/../lib/gcc/avr/5.4.0/../../../../avr/lib/avr5/memx-const\libm.a(mulsf3x.o)
 .stack.descriptors.hdr
                0x00000000000000c4        0xe c:/program files/microchip/xc8/v2.41/avr/bin/../lib/gcc/avr/5.4.0/avr5/memx-const\libgcc.a(_movmemx.o)
 .stack.descriptors.hdr
                0x00000000000000d2        0xe c:/program files/microchip/xc8/v2.41/avr/bin/../lib/gcc/avr/5.4.0/../../../../avr/lib/avr5/memx-const\libc.a(exit.o)
 .stack.descriptors.hdr
                0x00000000000000e0        0xe c:/program files/microchip/xc8/v2.41/avr/bin/../lib/gcc/avr/5.4.0/../../../../avr/lib/avr5/memx-const\libc.a(atoi.o)
 .stack.descriptors.hdr
                0x00000000000000ee        0xe c:/program files/microchip/xc8/v2.41/avr/bin/../lib/gcc/avr/5.4.0/../../../../avr/lib/avr5/memx-const\libc.a(_Exit.o)
 .stack.descriptors.hdr
                0x00000000000000fc        0xe c:/program files/microchip/xc8/v2.41/avr/bin/../lib/gcc/avr/5.4.0/avr5/memx-const\libgcc.a(_exit.o)

.note.GNU-stack
                0x0000000000000000        0x0
 .note.GNU-stack
                0x0000000000000000        0x0 c:/program files/microchip/xc8/v2.41/avr/bin/../lib/gcc/avr/5.4.0/../../../../avr/lib/avr5/memx-const\libm.a(divsf3.o)
 .note.GNU-stack
                0x0000000000000000        0x0 c:/program files/microchip/xc8/v2.41/avr/bin/../lib/gcc/avr/5.4.0/../../../../avr/lib/avr5/memx-const\libm.a(divsf3x.o)
 .note.GNU-stack
                0x0000000000000000        0x0 c:/program files/microchip/xc8/v2.41/avr/bin/../lib/gcc/avr/5.4.0/../../../../avr/lib/avr5/memx-const\libm.a(fixsfsi.o)
 .note.GNU-stack
                0x0000000000000000        0x0 c:/program files/microchip/xc8/v2.41/avr/bin/../lib/gcc/avr/5.4.0/../../../../avr/lib/avr5/memx-const\libm.a(fixunssfsi.o)
 .note.GNU-stack
                0x0000000000000000        0x0 c:/program files/microchip/xc8/v2.41/avr/bin/../lib/gcc/avr/5.4.0/../../../../avr/lib/avr5/memx-const\libm.a(floatsisf.o)
 .note.GNU-stack
                0x0000000000000000        0x0 c:/program files/microchip/xc8/v2.41/avr/bin/../lib/gcc/avr/5.4.0/../../../../avr/lib/avr5/memx-const\libm.a(fp_inf.o)
 .note.GNU-stack
                0x0000000000000000        0x0 c:/program files/microchip/xc8/v2.41/avr/bin/../lib/gcc/avr/5.4.0/../../../../avr/lib/avr5/memx-const\libm.a(fp_nan.o)
 .note.GNU-stack
                0x0000000000000000        0x0 c:/program files/microchip/xc8/v2.41/avr/bin/../lib/gcc/avr/5.4.0/../../../../avr/lib/avr5/memx-const\libm.a(fp_pscA.o)
 .note.GNU-stack
                0x0000000000000000        0x0 c:/program files/microchip/xc8/v2.41/avr/bin/../lib/gcc/avr/5.4.0/../../../../avr/lib/avr5/memx-const\libm.a(fp_pscB.o)
 .note.GNU-stack
                0x0000000000000000        0x0 c:/program files/microchip/xc8/v2.41/avr/bin/../lib/gcc/avr/5.4.0/../../../../avr/lib/avr5/memx-const\libm.a(fp_round.o)
 .note.GNU-stack
                0x0000000000000000        0x0 c:/program files/microchip/xc8/v2.41/avr/bin/../lib/gcc/avr/5.4.0/../../../../avr/lib/avr5/memx-const\libm.a(fp_split3.o)
 .note.GNU-stack
                0x0000000000000000        0x0 c:/program files/microchip/xc8/v2.41/avr/bin/../lib/gcc/avr/5.4.0/../../../../avr/lib/avr5/memx-const\libm.a(fp_zero.o)
 .note.GNU-stack
                0x0000000000000000        0x0 c:/program files/microchip/xc8/v2.41/avr/bin/../lib/gcc/avr/5.4.0/../../../../avr/lib/avr5/memx-const\libm.a(mulsf3.o)
 .note.GNU-stack
                0x0000000000000000        0x0 c:/program files/microchip/xc8/v2.41/avr/bin/../lib/gcc/avr/5.4.0/../../../../avr/lib/avr5/memx-const\libm.a(mulsf3x.o)
 .note.GNU-stack
                0x0000000000000000        0x0 c:/program files/microchip/xc8/v2.41/avr/bin/../lib/gcc/avr/5.4.0/../../../../avr/lib/avr5/memx-const\libc.a(exit.o)
 .note.GNU-stack
                0x0000000000000000        0x0 c:/program files/microchip/xc8/v2.41/avr/bin/../lib/gcc/avr/5.4.0/../../../../avr/lib/avr5/memx-const\libc.a(atoi.o)
 .note.GNU-stack
                0x0000000000000000        0x0 c:/program files/microchip/xc8/v2.41/avr/bin/../lib/gcc/avr/5.4.0/../../../../avr/lib/avr5/memx-const\libc.a(_Exit.o)

.note.gnu.build-id
 *(.note.gnu.build-id)

.debug
 *(.debug)

.line
 *(.line)

.debug_srcinfo
 *(.debug_srcinfo)

.debug_sfnames
 *(.debug_sfnames)

.debug_aranges  0x0000000000000000      0x3c0
 *(.debug_aranges)
 .debug_aranges
                0x0000000000000000       0x30 build/default/production/main.o
 .debug_aranges
                0x0000000000000030       0x68 build/default/production/DIO.o
 .debug_aranges
                0x0000000000000098       0x40 build/default/production/Keypad.o
 .debug_aranges
                0x00000000000000d8       0x58 build/default/production/mTimer.o
 .debug_aranges
                0x0000000000000130       0x58 build/default/production/mlcd.o
 .debug_aranges
                0x0000000000000188       0x58 build/default/production/mADC.o
 .debug_aranges
                0x00000000000001e0       0x38 build/default/production/DC_Motor.o
 .debug_aranges
                0x0000000000000218       0x30 build/default/production/servo.o
 .debug_aranges
                0x0000000000000248       0xb0 build/default/production/I2C.o
 .debug_aranges
                0x00000000000002f8       0x30 build/default/production/Lamps.o
 .debug_aranges
                0x0000000000000328       0x98 build/default/production/UART.o

.debug_pubnames
 *(.debug_pubnames)

.debug_info     0x0000000000000000     0x781b
 *(.debug_info .gnu.linkonce.wi.*)
 .debug_info    0x0000000000000000      0x4e6 C:/Program Files/Microchip/MPLABX/v6.05/packs/Microchip/ATmega_DFP/3.0.158/xc8/avr/lib/avr5/memx-const/crtatmega32a.o
 .debug_info    0x00000000000004e6     0x1110 build/default/production/main.o
 .debug_info    0x00000000000015f6      0x46c build/default/production/DIO.o
 .debug_info    0x0000000000001a62     0x2339 build/default/production/Keypad.o
 .debug_info    0x0000000000003d9b      0x47e build/default/production/mTimer.o
 .debug_info    0x0000000000004219      0x7b2 build/default/production/mlcd.o
 .debug_info    0x00000000000049cb      0x3fc build/default/production/mADC.o
 .debug_info    0x0000000000004dc7      0x405 build/default/production/DC_Motor.o
 .debug_info    0x00000000000051cc      0x389 build/default/production/servo.o
 .debug_info    0x0000000000005555      0x906 build/default/production/I2C.o
 .debug_info    0x0000000000005e5b      0xa11 build/default/production/Lamps.o
 .debug_info    0x000000000000686c      0xfaf build/default/production/UART.o

.debug_abbrev   0x0000000000000000     0x1352
 *(.debug_abbrev)
 .debug_abbrev  0x0000000000000000      0x4a3 C:/Program Files/Microchip/MPLABX/v6.05/packs/Microchip/ATmega_DFP/3.0.158/xc8/avr/lib/avr5/memx-const/crtatmega32a.o
 .debug_abbrev  0x00000000000004a3      0x18f build/default/production/main.o
 .debug_abbrev  0x0000000000000632       0xa9 build/default/production/DIO.o
 .debug_abbrev  0x00000000000006db      0x202 build/default/production/Keypad.o
 .debug_abbrev  0x00000000000008dd       0xba build/default/production/mTimer.o
 .debug_abbrev  0x0000000000000997      0x188 build/default/production/mlcd.o
 .debug_abbrev  0x0000000000000b1f       0xb8 build/default/production/mADC.o
 .debug_abbrev  0x0000000000000bd7       0x81 build/default/production/DC_Motor.o
 .debug_abbrev  0x0000000000000c58       0xfa build/default/production/servo.o
 .debug_abbrev  0x0000000000000d52      0x233 build/default/production/I2C.o
 .debug_abbrev  0x0000000000000f85      0x18b build/default/production/Lamps.o
 .debug_abbrev  0x0000000000001110      0x242 build/default/production/UART.o

.debug_line     0x0000000000000000     0x2628
 *(.debug_line .debug_line.* .debug_line_end)
 .debug_line    0x0000000000000000      0x119 C:/Program Files/Microchip/MPLABX/v6.05/packs/Microchip/ATmega_DFP/3.0.158/xc8/avr/lib/avr5/memx-const/crtatmega32a.o
 .debug_line    0x0000000000000119      0x4e7 build/default/production/main.o
 .debug_line    0x0000000000000600      0x2e9 build/default/production/DIO.o
 .debug_line    0x00000000000008e9      0x7e4 build/default/production/Keypad.o
 .debug_line    0x00000000000010cd      0x190 build/default/production/mTimer.o
 .debug_line    0x000000000000125d      0x24f build/default/production/mlcd.o
 .debug_line    0x00000000000014ac      0x15a build/default/production/mADC.o
 .debug_line    0x0000000000001606       0xb3 build/default/production/DC_Motor.o
 .debug_line    0x00000000000016b9      0x115 build/default/production/servo.o
 .debug_line    0x00000000000017ce      0x4ef build/default/production/I2C.o
 .debug_line    0x0000000000001cbd      0x273 build/default/production/Lamps.o
 .debug_line    0x0000000000001f30      0x6f8 build/default/production/UART.o

.debug_frame    0x0000000000000000      0x85c
 *(.debug_frame)
 .debug_frame   0x0000000000000000       0xe8 build/default/production/main.o
 .debug_frame   0x00000000000000e8       0xb4 build/default/production/DIO.o
 .debug_frame   0x000000000000019c       0xbc build/default/production/Keypad.o
 .debug_frame   0x0000000000000258       0xa8 build/default/production/mTimer.o
 .debug_frame   0x0000000000000300       0xc0 build/default/production/mlcd.o
 .debug_frame   0x00000000000003c0       0xa0 build/default/production/mADC.o
 .debug_frame   0x0000000000000460       0x54 build/default/production/DC_Motor.o
 .debug_frame   0x00000000000004b4       0x44 build/default/production/servo.o
 .debug_frame   0x00000000000004f8      0x16c build/default/production/I2C.o
 .debug_frame   0x0000000000000664       0x44 build/default/production/Lamps.o
 .debug_frame   0x00000000000006a8      0x1b4 build/default/production/UART.o

.debug_str      0x0000000000000000      0x497
 *(.debug_str)
 .debug_str     0x0000000000000000      0x196 C:/Program Files/Microchip/MPLABX/v6.05/packs/Microchip/ATmega_DFP/3.0.158/xc8/avr/lib/avr5/memx-const/crtatmega32a.o
 .debug_str     0x0000000000000196      0x131 build/default/production/main.o
 .debug_str     0x00000000000002c7       0x10 build/default/production/DIO.o
 .debug_str     0x00000000000002d7       0xaf build/default/production/Keypad.o
 .debug_str     0x0000000000000386       0x1c build/default/production/mTimer.o
 .debug_str     0x00000000000003a2       0x1e build/default/production/mlcd.o
 .debug_str     0x00000000000003c0        0x0 build/default/production/mADC.o
 .debug_str     0x00000000000003c0       0x13 build/default/production/DC_Motor.o
 .debug_str     0x00000000000003d3        0xa build/default/production/servo.o
 .debug_str     0x00000000000003dd       0x16 build/default/production/I2C.o
 .debug_str     0x00000000000003f3       0x46 build/default/production/Lamps.o
 .debug_str     0x0000000000000439       0x5e build/default/production/UART.o

.debug_loc      0x0000000000000000     0x3170
 *(.debug_loc)
 .debug_loc     0x0000000000000000      0x7cb build/default/production/main.o
 .debug_loc     0x00000000000007cb      0x30d build/default/production/DIO.o
 .debug_loc     0x0000000000000ad8     0x15d0 build/default/production/Keypad.o
 .debug_loc     0x00000000000020a8      0x18c build/default/production/mTimer.o
 .debug_loc     0x0000000000002234      0x291 build/default/production/mlcd.o
 .debug_loc     0x00000000000024c5      0x10c build/default/production/mADC.o
 .debug_loc     0x00000000000025d1       0x48 build/default/production/servo.o
 .debug_loc     0x0000000000002619      0x3ea build/default/production/I2C.o
 .debug_loc     0x0000000000002a03      0x2a4 build/default/production/Lamps.o
 .debug_loc     0x0000000000002ca7      0x4c9 build/default/production/UART.o

.debug_macinfo
 *(.debug_macinfo)

.debug_weaknames
 *(.debug_weaknames)

.debug_funcnames
 *(.debug_funcnames)

.debug_typenames
 *(.debug_typenames)

.debug_varnames
 *(.debug_varnames)

.debug_pubtypes
 *(.debug_pubtypes)

.debug_ranges   0x0000000000000000      0x348
 *(.debug_ranges)
 .debug_ranges  0x0000000000000000       0x58 build/default/production/main.o
 .debug_ranges  0x0000000000000058       0x58 build/default/production/DIO.o
 .debug_ranges  0x00000000000000b0       0x30 build/default/production/Keypad.o
 .debug_ranges  0x00000000000000e0       0x48 build/default/production/mTimer.o
 .debug_ranges  0x0000000000000128       0x48 build/default/production/mlcd.o
 .debug_ranges  0x0000000000000170       0x48 build/default/production/mADC.o
 .debug_ranges  0x00000000000001b8       0x28 build/default/production/DC_Motor.o
 .debug_ranges  0x00000000000001e0       0x20 build/default/production/servo.o
 .debug_ranges  0x0000000000000200       0xa0 build/default/production/I2C.o
 .debug_ranges  0x00000000000002a0       0x20 build/default/production/Lamps.o
 .debug_ranges  0x00000000000002c0       0x88 build/default/production/UART.o

.debug_macro
 *(.debug_macro)
OUTPUT(dist/default/production/Final.X.production.elf elf32-avr)
LOAD linker stubs
LOAD data_init

.note.gnu.avr.deviceinfo
                0x0000000000000000       0x3c
 .note.gnu.avr.deviceinfo
                0x0000000000000000       0x3c C:/Program Files/Microchip/MPLABX/v6.05/packs/Microchip/ATmega_DFP/3.0.158/xc8/avr/lib/avr5/memx-const/crtatmega32a.o

.bss.times.2187
                0x00000000008001b4        0x2
 .bss.times.2187
                0x00000000008001b4        0x2 build/default/production/main.o

.bss.check_keypad_status
                0x00000000008001b8        0x1
 .bss.check_keypad_status
                0x00000000008001b8        0x1 build/default/production/Keypad.o
                0x00000000008001b8                check_keypad_status

.progmemx.data  0x00000000000000cc      0x44c
 .progmemx.data
                0x00000000000000cc      0x44c build/default/production/UART.o

.progmemx.data  0x0000000000000518       0xc4
 .progmemx.data
                0x0000000000000518       0xc4 build/default/production/main.o

.text.press_action
                0x00000000000005dc      0x680
 .text.press_action
                0x00000000000005dc      0x680 build/default/production/Keypad.o
                0x00000000000005dc                press_action

.text.UART_receive_string
                0x0000000000000c5c      0x5ea
 .text.UART_receive_string
                0x0000000000000c5c      0x5ea build/default/production/UART.o
                0x0000000000000c5c                UART_receive_string

.text.main      0x0000000000001246      0x528
 .text.main     0x0000000000001246      0x528 build/default/production/main.o
                0x0000000000001246                main

.text.LED_on    0x000000000000176e      0x150
 .text.LED_on   0x000000000000176e      0x150 build/default/production/Lamps.o
                0x000000000000176e                LED_on

.text.create_new_user
                0x00000000000018be      0x134
 .text.create_new_user
                0x00000000000018be      0x134 build/default/production/UART.o
                0x00000000000018be                create_new_user

.text           0x00000000000019f2       0xde
 .text          0x00000000000019f2       0xde c:/program files/microchip/xc8/v2.41/avr/bin/../lib/gcc/avr/5.4.0/../../../../avr/lib/avr5/memx-const\libm.a(divsf3x.o)
                0x00000000000019f2                __divsf3x
                0x0000000000001a1a                __divsf3_pse

.text.admin_pass
                0x0000000000001ad0       0xd6
 .text.admin_pass
                0x0000000000001ad0       0xd6 build/default/production/UART.o
                0x0000000000001ad0                admin_pass

.text           0x0000000000001ba6       0xd4
 .text          0x0000000000001ba6       0xd4 c:/program files/microchip/xc8/v2.41/avr/bin/../lib/gcc/avr/5.4.0/../../../../avr/lib/avr5/memx-const\libm.a(mulsf3x.o)
                0x0000000000001ba6                __mulsf3x
                0x0000000000001bcc                __mulsf3_pse

.text.Keypad_CheckPress
                0x0000000000001c7a       0xc6
 .text.Keypad_CheckPress
                0x0000000000001c7a       0xc6 build/default/production/Keypad.o
                0x0000000000001c7a                Keypad_CheckPress

.text.connect_pullup
                0x0000000000001d40       0xae
 .text.connect_pullup
                0x0000000000001d40       0xae build/default/production/Keypad.o
                0x0000000000001d40                connect_pullup

.text.login_user_pass
                0x0000000000001dee       0xa2
 .text.login_user_pass
                0x0000000000001dee       0xa2 build/default/production/Keypad.o
                0x0000000000001dee                login_user_pass

.text.atoi      0x0000000000001e90       0x90
 .text.atoi     0x0000000000001e90       0x90 c:/program files/microchip/xc8/v2.41/avr/bin/../lib/gcc/avr/5.4.0/../../../../avr/lib/avr5/memx-const\libc.a(atoi.o)
                0x0000000000001e90                atoi

.text           0x0000000000001f20       0x7a
 .text          0x0000000000001f20       0x7a c:/program files/microchip/xc8/v2.41/avr/bin/../lib/gcc/avr/5.4.0/../../../../avr/lib/avr5/memx-const\libm.a(floatsisf.o)
                0x0000000000001f20                __floatunsisf
                0x0000000000001f24                __floatsisf

.text.lcd_init  0x0000000000001f9a       0x78
 .text.lcd_init
                0x0000000000001f9a       0x78 build/default/production/mlcd.o
                0x0000000000001f9a                lcd_init

.text.LED_off   0x0000000000002012       0x78
 .text.LED_off  0x0000000000002012       0x78 build/default/production/Lamps.o
                0x0000000000002012                LED_off

.text.setpinIN  0x000000000000208a       0x70
 .text.setpinIN
                0x000000000000208a       0x70 build/default/production/DIO.o
                0x000000000000208a                setpinIN

.text.resetpin  0x00000000000020fa       0x70
 .text.resetpin
                0x00000000000020fa       0x70 build/default/production/DIO.o
                0x00000000000020fa                resetpin

.text.keypad_init
                0x000000000000216a       0x6a
 .text.keypad_init
                0x000000000000216a       0x6a build/default/production/Keypad.o
                0x000000000000216a                keypad_init

.text.setpinOUT
                0x00000000000021d4       0x68
 .text.setpinOUT
                0x00000000000021d4       0x68 build/default/production/DIO.o
                0x00000000000021d4                setpinOUT

.text.setpin    0x000000000000223c       0x68
 .text.setpin   0x000000000000223c       0x68 build/default/production/DIO.o
                0x000000000000223c                setpin

.text.__vector_11
                0x00000000000022a4       0x66
 .text.__vector_11
                0x00000000000022a4       0x66 build/default/production/main.o
                0x00000000000022a4                __vector_11

.text.TWI_Send_SLA
                0x000000000000230a       0x64
 .text.TWI_Send_SLA
                0x000000000000230a       0x64 build/default/production/I2C.o
                0x000000000000230a                TWI_Send_SLA

.text           0x000000000000236e       0x5e
 .text          0x000000000000236e       0x5e c:/program files/microchip/xc8/v2.41/avr/bin/../lib/gcc/avr/5.4.0/../../../../avr/lib/avr5/memx-const\libm.a(fixunssfsi.o)
                0x000000000000236e                __fixunssfsi

.text.readPin   0x00000000000023cc       0x5c
 .text.readPin  0x00000000000023cc       0x5c build/default/production/DIO.o
                0x00000000000023cc                readPin

.text.EEPROM_call
                0x0000000000002428       0x52
 .text.EEPROM_call
                0x0000000000002428       0x52 build/default/production/I2C.o
                0x0000000000002428                EEPROM_call

.text.__vector_16
                0x000000000000247a       0x4c
 .text.__vector_16
                0x000000000000247a       0x4c build/default/production/main.o
                0x000000000000247a                __vector_16

.text.Timer0_select_Mode
                0x00000000000024c6       0x48
 .text.Timer0_select_Mode
                0x00000000000024c6       0x48 build/default/production/mTimer.o
                0x00000000000024c6                Timer0_select_Mode

.text.init_LEDs
                0x000000000000250e       0x48
 .text.init_LEDs
                0x000000000000250e       0x48 build/default/production/Lamps.o
                0x000000000000250e                init_LEDs

.text.strcomp_motor
                0x0000000000002556       0x44
 .text.strcomp_motor
                0x0000000000002556       0x44 build/default/production/UART.o
                0x0000000000002556                strcomp_motor

.text.strcomp_newuser
                0x000000000000259a       0x44
 .text.strcomp_newuser
                0x000000000000259a       0x44 build/default/production/UART.o
                0x000000000000259a                strcomp_newuser

.text.strcomp_lamp1
                0x00000000000025de       0x44
 .text.strcomp_lamp1
                0x00000000000025de       0x44 build/default/production/UART.o
                0x00000000000025de                strcomp_lamp1

.text.strcomp_lamp2
                0x0000000000002622       0x44
 .text.strcomp_lamp2
                0x0000000000002622       0x44 build/default/production/UART.o
                0x0000000000002622                strcomp_lamp2

.text.strcomp_lamp3
                0x0000000000002666       0x44
 .text.strcomp_lamp3
                0x0000000000002666       0x44 build/default/production/UART.o
                0x0000000000002666                strcomp_lamp3

.text.strcomp_lamp4
                0x00000000000026aa       0x44
 .text.strcomp_lamp4
                0x00000000000026aa       0x44 build/default/production/UART.o
                0x00000000000026aa                strcomp_lamp4

.text.strcomp_lamp5
                0x00000000000026ee       0x44
 .text.strcomp_lamp5
                0x00000000000026ee       0x44 build/default/production/UART.o
                0x00000000000026ee                strcomp_lamp5

.text           0x0000000000002732       0x44
 .text          0x0000000000002732       0x44 c:/program files/microchip/xc8/v2.41/avr/bin/../lib/gcc/avr/5.4.0/../../../../avr/lib/avr5/memx-const\libm.a(fp_split3.o)
                0x0000000000002732                __fp_split3
                0x0000000000002742                __fp_splitA

.text.strcomp_servo
                0x0000000000002776       0x40
 .text.strcomp_servo
                0x0000000000002776       0x40 build/default/production/UART.o
                0x0000000000002776                strcomp_servo

.text.UART_send_string
                0x00000000000027b6       0x3e
 .text.UART_send_string
                0x00000000000027b6       0x3e build/default/production/UART.o
                0x00000000000027b6                UART_send_string

.text.lcd_data_num
                0x00000000000027f4       0x3c
 .text.lcd_data_num
                0x00000000000027f4       0x3c build/default/production/mlcd.o
                0x00000000000027f4                lcd_data_num

.text.init_Timer0
                0x0000000000002830       0x36
 .text.init_Timer0
                0x0000000000002830       0x36 build/default/production/mTimer.o
                0x0000000000002830                init_Timer0

.text.lcd_data  0x0000000000002866       0x36
 .text.lcd_data
                0x0000000000002866       0x36 build/default/production/mlcd.o
                0x0000000000002866                lcd_data

.text.lcd_cmd   0x000000000000289c       0x36
 .text.lcd_cmd  0x000000000000289c       0x36 build/default/production/mlcd.o
                0x000000000000289c                lcd_cmd

.text.Timer0_set_DutyCycle
                0x00000000000028d2       0x34
 .text.Timer0_set_DutyCycle
                0x00000000000028d2       0x34 build/default/production/mTimer.o
                0x00000000000028d2                Timer0_set_DutyCycle

.text.setportOUT
                0x0000000000002906       0x28
 .text.setportOUT
                0x0000000000002906       0x28 build/default/production/DIO.o
                0x0000000000002906                setportOUT

.text.init_ADC  0x000000000000292e       0x26
 .text.init_ADC
                0x000000000000292e       0x26 build/default/production/mADC.o
                0x000000000000292e                init_ADC

.text.servo_init
                0x0000000000002954       0x24
 .text.servo_init
                0x0000000000002954       0x24 build/default/production/servo.o
                0x0000000000002954                servo_init

.text.init_Motor
                0x0000000000002978       0x22
 .text.init_Motor
                0x0000000000002978       0x22 build/default/production/DC_Motor.o
                0x0000000000002978                init_Motor

.text           0x000000000000299a       0x22
 .text          0x000000000000299a       0x22 c:/program files/microchip/xc8/v2.41/avr/bin/../lib/gcc/avr/5.4.0/../../../../avr/lib/avr5/memx-const\libm.a(fp_round.o)
                0x000000000000299a                __fp_round

.text.TWI_Master_write
                0x00000000000029bc       0x20
 .text.TWI_Master_write
                0x00000000000029bc       0x20 build/default/production/I2C.o
                0x00000000000029bc                TWI_Master_write

.text.EEPROM_read_pass
                0x00000000000029dc       0x20
 .text.EEPROM_read_pass
                0x00000000000029dc       0x20 build/default/production/I2C.o
                0x00000000000029dc                EEPROM_read_pass

.text.lcd_enable
                0x00000000000029fc       0x1e
 .text.lcd_enable
                0x00000000000029fc       0x1e build/default/production/mlcd.o
                0x00000000000029fc                lcd_enable

.text.lcd_data_str
                0x0000000000002a1a       0x1e
 .text.lcd_data_str
                0x0000000000002a1a       0x1e build/default/production/mlcd.o
                0x0000000000002a1a                lcd_data_str

.text.init_TWI_master
                0x0000000000002a38       0x1e
 .text.init_TWI_master
                0x0000000000002a38       0x1e build/default/production/I2C.o
                0x0000000000002a38                init_TWI_master

.text.TWI_Master_read
                0x0000000000002a56       0x1e
 .text.TWI_Master_read
                0x0000000000002a56       0x1e build/default/production/I2C.o
                0x0000000000002a56                TWI_Master_read

.text.EEPROM_write_pass
                0x0000000000002a74       0x1e
 .text.EEPROM_write_pass
                0x0000000000002a74       0x1e build/default/production/I2C.o
                0x0000000000002a74                EEPROM_write_pass

.text.lcd_goto  0x0000000000002a92       0x1c
 .text.lcd_goto
                0x0000000000002a92       0x1c build/default/production/mlcd.o
                0x0000000000002a92                lcd_goto

.text.Motor_stop
                0x0000000000002aae       0x1a
 .text.Motor_stop
                0x0000000000002aae       0x1a build/default/production/DC_Motor.o
                0x0000000000002aae                Motor_stop

.text.libgcc    0x0000000000002ac8       0x1a
 .text.libgcc   0x0000000000002ac8       0x1a c:/program files/microchip/xc8/v2.41/avr/bin/../lib/gcc/avr/5.4.0/avr5/memx-const\libgcc.a(_movmemx.o)
                0x0000000000002ac8                __movmemx_qi
                0x0000000000002aca                __movmemx_hi

.text.Timer0_select_OC0_mode
                0x0000000000002ae2       0x16
 .text.Timer0_select_OC0_mode
                0x0000000000002ae2       0x16 build/default/production/mTimer.o
                0x0000000000002ae2                Timer0_select_OC0_mode

.text.selectREF
                0x0000000000002af8       0x16
 .text.selectREF
                0x0000000000002af8       0x16 build/default/production/mADC.o
                0x0000000000002af8                selectREF

.text.exit      0x0000000000002b0e       0x16
 .text.exit     0x0000000000002b0e       0x16 c:/program files/microchip/xc8/v2.41/avr/bin/../lib/gcc/avr/5.4.0/../../../../avr/lib/avr5/memx-const\libc.a(exit.o)
                0x0000000000002b0e                exit

.text.Motor_Forward
                0x0000000000002b24       0x12
 .text.Motor_Forward
                0x0000000000002b24       0x12 build/default/production/DC_Motor.o
                0x0000000000002b24                Motor_Forward

.text.init_UART
                0x0000000000002b36       0x10
 .text.init_UART
                0x0000000000002b36       0x10 build/default/production/UART.o
                0x0000000000002b36                init_UART

.text.Timer0_select_CLK
                0x0000000000002b46        0xe
 .text.Timer0_select_CLK
                0x0000000000002b46        0xe build/default/production/mTimer.o
                0x0000000000002b46                Timer0_select_CLK

.text.selectCH  0x0000000000002b54        0xe
 .text.selectCH
                0x0000000000002b54        0xe build/default/production/mADC.o
                0x0000000000002b54                selectCH

.text.selectFREQ
                0x0000000000002b62        0xe
 .text.selectFREQ
                0x0000000000002b62        0xe build/default/production/mADC.o
                0x0000000000002b62                selectFREQ

.text           0x0000000000002b70        0xe
 .text          0x0000000000002b70        0xe c:/program files/microchip/xc8/v2.41/avr/bin/../lib/gcc/avr/5.4.0/../../../../avr/lib/avr5/memx-const\libm.a(fixsfsi.o)
                0x0000000000002b70                __fixsfsi

.text           0x0000000000002b7e        0xe
 .text          0x0000000000002b7e        0xe c:/program files/microchip/xc8/v2.41/avr/bin/../lib/gcc/avr/5.4.0/../../../../avr/lib/avr5/memx-const\libm.a(fp_pscA.o)
                0x0000000000002b7e                __fp_pscA

.text           0x0000000000002b8c        0xe
 .text          0x0000000000002b8c        0xe c:/program files/microchip/xc8/v2.41/avr/bin/../lib/gcc/avr/5.4.0/../../../../avr/lib/avr5/memx-const\libm.a(fp_pscB.o)
                0x0000000000002b8c                __fp_pscB

.text           0x0000000000002b9a        0xe
 .text          0x0000000000002b9a        0xe c:/program files/microchip/xc8/v2.41/avr/bin/../lib/gcc/avr/5.4.0/../../../../avr/lib/avr5/memx-const\libm.a(fp_zero.o)
                0x0000000000002b9a                __fp_zero
                0x0000000000002b9c                __fp_szero

.text           0x0000000000002ba8        0xc
 .text          0x0000000000002ba8        0xc c:/program files/microchip/xc8/v2.41/avr/bin/../lib/gcc/avr/5.4.0/../../../../avr/lib/avr5/memx-const\libm.a(fp_inf.o)
                0x0000000000002ba8                __fp_inf

.text.ADC_result
                0x0000000000002bb4        0xa
 .text.ADC_result
                0x0000000000002bb4        0xa build/default/production/mADC.o
                0x0000000000002bb4                ADC_result

.text.Timer0_enable_OVIE
                0x0000000000002bbe        0x8
 .text.Timer0_enable_OVIE
                0x0000000000002bbe        0x8 build/default/production/mTimer.o
                0x0000000000002bbe                Timer0_enable_OVIE

.text.lcd_clear
                0x0000000000002bc6        0x8
 .text.lcd_clear
                0x0000000000002bc6        0x8 build/default/production/mlcd.o
                0x0000000000002bc6                lcd_clear

.text.TWI_wait  0x0000000000002bce        0x8
 .text.TWI_wait
                0x0000000000002bce        0x8 build/default/production/I2C.o
                0x0000000000002bce                TWI_wait

.text.UART_send
                0x0000000000002bd6        0x8
 .text.UART_send
                0x0000000000002bd6        0x8 build/default/production/UART.o
                0x0000000000002bd6                UART_send

.text.UART_receive
                0x0000000000002bde        0x8
 .text.UART_receive
                0x0000000000002bde        0x8 build/default/production/UART.o
                0x0000000000002bde                UART_receive

.text           0x0000000000002be6        0x8
 .text          0x0000000000002be6        0x8 c:/program files/microchip/xc8/v2.41/avr/bin/../lib/gcc/avr/5.4.0/../../../../avr/lib/avr5/memx-const\libm.a(divsf3.o)
                0x0000000000002be6                __divsf3

.text           0x0000000000002bee        0x8
 .text          0x0000000000002bee        0x8 c:/program files/microchip/xc8/v2.41/avr/bin/../lib/gcc/avr/5.4.0/../../../../avr/lib/avr5/memx-const\libm.a(mulsf3.o)
                0x0000000000002bee                __mulsf3

.text.servo_close
                0x0000000000002bf6        0x6
 .text.servo_close
                0x0000000000002bf6        0x6 build/default/production/servo.o
                0x0000000000002bf6                servo_close

.text           0x0000000000002bfc        0x6
 .text          0x0000000000002bfc        0x6 c:/program files/microchip/xc8/v2.41/avr/bin/../lib/gcc/avr/5.4.0/../../../../avr/lib/avr5/memx-const\libm.a(fp_nan.o)
                0x0000000000002bfc                __fp_nan

.text           0x0000000000002c02        0x4
 .text          0x0000000000002c02        0x4 C:/Program Files/Microchip/MPLABX/v6.05/packs/Microchip/ATmega_DFP/3.0.158/xc8/avr/lib/avr5/memx-const/crtatmega32a.o
                0x0000000000002c02                __vector_1
                0x0000000000002c02                __vector_12
                0x0000000000002c02                __bad_interrupt
                0x0000000000002c02                __vector_6
                0x0000000000002c02                __vector_3
                0x0000000000002c02                __vector_13
                0x0000000000002c02                __vector_17
                0x0000000000002c02                __vector_19
                0x0000000000002c02                __vector_7
                0x0000000000002c02                __vector_5
                0x0000000000002c02                __vector_4
                0x0000000000002c02                __vector_9
                0x0000000000002c02                __vector_2
                0x0000000000002c02                __vector_15
                0x0000000000002c02                __vector_8
                0x0000000000002c02                __vector_14
                0x0000000000002c02                __vector_10
                0x0000000000002c02                __vector_18
                0x0000000000002c02                __vector_20

.text.ADC_EN    0x0000000000002c06        0x4
 .text.ADC_EN   0x0000000000002c06        0x4 build/default/production/mADC.o
                0x0000000000002c06                ADC_EN

.text.ADC_START
                0x0000000000002c0a        0x4
 .text.ADC_START
                0x0000000000002c0a        0x4 build/default/production/mADC.o
                0x0000000000002c0a                ADC_START

.text.ADC_INT_EN
                0x0000000000002c0e        0x4
 .text.ADC_INT_EN
                0x0000000000002c0e        0x4 build/default/production/mADC.o
                0x0000000000002c0e                ADC_INT_EN

.text.servo_open
                0x0000000000002c12        0x4
 .text.servo_open
                0x0000000000002c12        0x4 build/default/production/servo.o
                0x0000000000002c12                servo_open

.text._Exit     0x0000000000002c16        0x4
 .text._Exit    0x0000000000002c16        0x4 c:/program files/microchip/xc8/v2.41/avr/bin/../lib/gcc/avr/5.4.0/../../../../avr/lib/avr5/memx-const\libc.a(_Exit.o)
                0x0000000000002c16                _Exit

.text.__dummy_fini
                0x0000000000002c1a        0x2
 .text.__dummy_fini
                0x0000000000002c1a        0x2 c:/program files/microchip/xc8/v2.41/avr/bin/../lib/gcc/avr/5.4.0/../../../../avr/lib/avr5/memx-const\libc.a(exit.o)
                0x0000000000002c1a                _fini

.text.__dummy_funcs_on_exit
                0x0000000000002c1c        0x2
 .text.__dummy_funcs_on_exit
                0x0000000000002c1c        0x2 c:/program files/microchip/xc8/v2.41/avr/bin/../lib/gcc/avr/5.4.0/../../../../avr/lib/avr5/memx-const\libc.a(exit.o)
                0x0000000000002c1c                __funcs_on_exit

.text.__dummy_simulator_exit
                0x0000000000002c1e        0x2
 .text.__dummy_simulator_exit
                0x0000000000002c1e        0x2 c:/program files/microchip/xc8/v2.41/avr/bin/../lib/gcc/avr/5.4.0/../../../../avr/lib/avr5/memx-const\libc.a(exit.o)
                0x0000000000002c1e                __simulator_exit

.data.temp      0x0000000000800064       0x14 load address 0x0000000000002c20
 .data.temp     0x0000000000800064       0x14 build/default/production/Keypad.o
                0x0000000000800064                temp

.data.continue_press
                0x0000000000800078       0x11 load address 0x0000000000002c34
 .data.continue_press
                0x0000000000800078       0x11 build/default/production/Keypad.o
                0x0000000000800078                continue_press

.data.dimmer_choice
                0x0000000000800089       0x11 load address 0x0000000000002c45
 .data.dimmer_choice
                0x0000000000800089       0x11 build/default/production/Keypad.o
                0x0000000000800089                dimmer_choice

.rodata         0x000000000080009a       0x10 load address 0x0000000000002c56
 .rodata        0x000000000080009a       0x10 build/default/production/Keypad.o

.data.back_to_led_intense
                0x00000000008000aa       0x10 load address 0x0000000000002c66
 .data.back_to_led_intense
                0x00000000008000aa       0x10 build/default/production/Keypad.o
                0x00000000008000aa                back_to_led_intense

.data.back_to_temp_sens
                0x00000000008000ba       0x10 load address 0x0000000000002c76
 .data.back_to_temp_sens
                0x00000000008000ba       0x10 build/default/production/Keypad.o
                0x00000000008000ba                back_to_temp_sens

.data.plus_sign
                0x00000000008000ca       0x10 load address 0x0000000000002c86
 .data.plus_sign
                0x00000000008000ca       0x10 build/default/production/Keypad.o
                0x00000000008000ca                plus_sign

.data.servo_choice
                0x00000000008000da        0xf load address 0x0000000000002c96
 .data.servo_choice
                0x00000000008000da        0xf build/default/production/Keypad.o
                0x00000000008000da                servo_choice

.data.motor_choice
                0x00000000008000e9        0xf load address 0x0000000000002ca5
 .data.motor_choice
                0x00000000008000e9        0xf build/default/production/Keypad.o
                0x00000000008000e9                motor_choice

.data.led5_choice
                0x00000000008000f8        0xe load address 0x0000000000002cb4
 .data.led5_choice
                0x00000000008000f8        0xe build/default/production/Keypad.o
                0x00000000008000f8                led5_choice

.data.led4_choice
                0x0000000000800106        0xe load address 0x0000000000002cc2
 .data.led4_choice
                0x0000000000800106        0xe build/default/production/Keypad.o
                0x0000000000800106                led4_choice

.data.led3_choice
                0x0000000000800114        0xe load address 0x0000000000002cd0
 .data.led3_choice
                0x0000000000800114        0xe build/default/production/Keypad.o
                0x0000000000800114                led3_choice

.data.led2_choice
                0x0000000000800122        0xe load address 0x0000000000002cde
 .data.led2_choice
                0x0000000000800122        0xe build/default/production/Keypad.o
                0x0000000000800122                led2_choice

.data.led1_choice
                0x0000000000800130        0xe load address 0x0000000000002cec
 .data.led1_choice
                0x0000000000800130        0xe build/default/production/Keypad.o
                0x0000000000800130                led1_choice

.data.home_choice
                0x000000000080013e        0xc load address 0x0000000000002cfa
 .data.home_choice
                0x000000000080013e        0xc build/default/production/Keypad.o
                0x000000000080013e                home_choice

.data.next_choice
                0x000000000080014a        0xc load address 0x0000000000002d06
 .data.next_choice
                0x000000000080014a        0xc build/default/production/Keypad.o
                0x000000000080014a                next_choice

.data.temp_sens_choice
                0x0000000000800156        0xc load address 0x0000000000002d12
 .data.temp_sens_choice
                0x0000000000800156        0xc build/default/production/Keypad.o
                0x0000000000800156                temp_sens_choice

.data.led_intensity
                0x0000000000800162        0xc load address 0x0000000000002d1e
 .data.led_intensity
                0x0000000000800162        0xc build/default/production/Keypad.o
                0x0000000000800162                led_intensity

.data.on5       0x000000000080016e        0xc load address 0x0000000000002d2a
 .data.on5      0x000000000080016e        0xc build/default/production/Lamps.o
                0x000000000080016e                on5

.data.on4       0x000000000080017a        0xc load address 0x0000000000002d36
 .data.on4      0x000000000080017a        0xc build/default/production/Lamps.o
                0x000000000080017a                on4

.data.on3       0x0000000000800186        0xc load address 0x0000000000002d42
 .data.on3      0x0000000000800186        0xc build/default/production/Lamps.o
                0x0000000000800186                on3

.data.on2       0x0000000000800192        0xc load address 0x0000000000002d4e
 .data.on2      0x0000000000800192        0xc build/default/production/Lamps.o
                0x0000000000800192                on2

.data.on1       0x000000000080019e        0xc load address 0x0000000000002d5a
 .data.on1      0x000000000080019e        0xc build/default/production/Lamps.o
                0x000000000080019e                on1

.data.intensity_word
                0x00000000008001aa        0xa load address 0x0000000000002d66
 .data.intensity_word
                0x00000000008001aa        0xa build/default/production/Keypad.o
                0x00000000008001aa                intensity_word

.data.Volt_char
                0x00000000008001b6        0x2 load address 0x0000000000002d70
 .data.Volt_char
                0x00000000008001b6        0x2 build/default/production/Keypad.o
                0x00000000008001b6                Volt_char

.data.not_pressed_char
                0x00000000008001b9        0x1 load address 0x0000000000002d72
 .data.not_pressed_char
                0x00000000008001b9        0x1 build/default/production/Keypad.o
                0x00000000008001b9                not_pressed_char
